dk.sebsa.ender.game.Main -> dk.sebsa.ender.game.Main:
    dk.sebsa.ender.game.layers.Debug debug -> a
    dk.sebsa.ender.game.layers.EnderGame enderGame -> a
    dk.sebsa.ender.game.layers.UILayer UILayer -> a
    dk.sebsa.ender.game.layers.MainMenu mainmenu -> a
    dk.sebsa.ironflask.engine.Application game -> a
    dk.sebsa.ironflask.engine.ecs.World mainMenuWorld -> b
    dk.sebsa.ironflask.engine.ecs.World testWorld -> a
    void <init>() -> <init>
    void main(java.lang.String[]) -> main
    void mainMenu(boolean) -> a
    void loadingFinished(dk.sebsa.ironflask.engine.Application) -> a
    void <clinit>() -> <clinit>
dk.sebsa.ender.game.MusicManager -> a:
    dk.sebsa.ironflask.engine.audio.AudioSource currentSource -> a
    dk.sebsa.ironflask.engine.audio.AudioSource menuMusic -> b
    dk.sebsa.ironflask.engine.audio.AudioSource gameMusic -> c
    float musicLevel -> a
    void init() -> a
    void setLevel(float) -> a
    void start(dk.sebsa.ender.game.MusicManager$Songs) -> a
    void <clinit>() -> <clinit>
dk.sebsa.ender.game.MusicManager$Songs -> b:
    dk.sebsa.ender.game.MusicManager$Songs MainMenu -> a
    dk.sebsa.ender.game.MusicManager$Songs Game -> b
    void <init>(java.lang.String,int) -> <init>
    void <clinit>() -> <clinit>
dk.sebsa.ender.game.components.OrbitCamera -> c:
    dk.sebsa.ironflask.engine.ecs.Entity target -> a
    float distance -> f
    float minDistance -> g
    float maxDistance -> h
    float zoomRate -> i
    float rotateRateH -> j
    float rotateRateV -> k
    boolean rotateOnMove -> a
    float rotateH -> a
    float changeH -> b
    float changeH2 -> c
    float rotateV -> d
    float changeV -> e
    void <init>(dk.sebsa.ironflask.engine.ecs.Entity) -> <init>
    void update() -> update
dk.sebsa.ender.game.components.PlayerMovement -> d:
    float speed -> a
    dk.sebsa.ender.game.components.OrbitCamera camera -> a
    void <init>() -> <init>
    void lateUpdate() -> lateUpdate
dk.sebsa.ender.game.layers.Debug -> e:
    float[] audioLevel -> a
    void <init>(dk.sebsa.ironflask.engine.Application) -> <init>
    void drawCustom() -> drawCustom
dk.sebsa.ender.game.layers.EnderGame -> f:
    dk.sebsa.ironflask.engine.Application application -> a
    dk.sebsa.ironflask.engine.graph.renderers.Renderer3d renderer -> a
    dk.sebsa.ironflask.engine.ecs.CameraEntity camera -> a
    dk.sebsa.ironflask.engine.ecs.Entity player -> a
    dk.sebsa.ender.game.components.OrbitCamera cameraComponent -> a
    float configSensitevity -> a
    void <init>(dk.sebsa.ironflask.engine.Application) -> <init>
    boolean handleEvent(dk.sebsa.ironflask.engine.core.Event) -> handleEvent
    void close() -> close
    void render() -> render
    void init() -> init
    void <clinit>() -> <clinit>
dk.sebsa.ender.game.layers.MainMenu -> g:
    dk.sebsa.ironflask.engine.gui.text.Font titleFont -> a
    dk.sebsa.ironflask.engine.gui.text.Font buildFont -> b
    dk.sebsa.ironflask.engine.gui.Window entireScreen -> a
    dk.sebsa.ironflask.engine.Application app -> a
    void <init>(dk.sebsa.ironflask.engine.Application) -> <init>
    boolean handleEvent(dk.sebsa.ironflask.engine.core.Event) -> handleEvent
    void render() -> render
    void close() -> close
    void init() -> init
    void play(dk.sebsa.ironflask.engine.gui.objects.Button) -> a
    void quit(dk.sebsa.ironflask.engine.gui.objects.Button) -> b
dk.sebsa.ender.game.layers.UILayer -> h:
    dk.sebsa.ironflask.engine.Application app -> a
    boolean pauseMenuEnabled -> a
    dk.sebsa.ironflask.engine.gui.Window pauseMenu -> a
    dk.sebsa.ironflask.engine.gui.Window entireScreen -> b
    dk.sebsa.ironflask.engine.gui.text.Font buttonFont -> a
    void <init>(dk.sebsa.ironflask.engine.Application) -> <init>
    boolean handleEvent(dk.sebsa.ironflask.engine.core.Event) -> handleEvent
    void render() -> render
    void close() -> close
    void init() -> init
    void quitButton(dk.sebsa.ironflask.engine.gui.objects.Button) -> a
