dk.sebsa.ironflask.editor.Main -> dk.sebsa.ironflask.editor.Main:
    dk.sebsa.ironflask.engine.Application game -> a
    void <init>() -> <init>
    void main(java.lang.String[]) -> main
    void finishedLoading(dk.sebsa.ironflask.engine.Application) -> a
dk.sebsa.ironflask.editor.plugin.Module -> a:
    void <init>() -> <init>
    java.lang.String toString() -> toString
dk.sebsa.ironflask.editor.plugin.Plugin -> b:
    java.util.List modules -> a
    void <init>() -> <init>
    java.lang.String ID() -> a
    java.lang.String version() -> b
    java.lang.String toString() -> toString
dk.sebsa.ironflask.editor.plugin.PluginManager -> c:
    java.util.List plugins -> a
    void setupPlugin(dk.sebsa.ironflask.editor.plugin.Plugin,dk.sebsa.ironflask.engine.Application,java.util.Map) -> a
    void fullInit(dk.sebsa.ironflask.engine.Application) -> a
    void <clinit>() -> <clinit>
dk.sebsa.ironflask.editor.plugin.PluginModule -> d:
    java.lang.String pluginID() -> a
    java.lang.String ID() -> b
dk.sebsa.ironflask.editor.ui.EditorLayer -> e:
    dk.sebsa.ironflask.engine.Application app -> a
    void <init>(dk.sebsa.ironflask.engine.Application) -> <init>
    boolean handleEvent(dk.sebsa.ironflask.engine.core.Event) -> handleEvent
    void render() -> render
    void close() -> close
    void init() -> init
